// Vitest Snapshot v1

exports[`<Line /> > renders 1`] = `
<div>
  <div
    class="flex px-4 _cols_cesd7_1 grid"
  >
    <span
      class="inline-block pr-4 mr-4 border-r"
      data-testid="ts"
    >
      10:44
    </span>
    <span
      class="ml-2 pr-4 mr-4 border-r ml-0"
      data-testid="from"
    >
      <!--#-->
      mock_user
      <!--/-->
      <!--#-->
      
      <!--/-->
    </span>
    <span
      class="ml-2 ml-0 border-r"
      data-testid="msg"
    >
      This is a test message!
    </span>
  </div>
</div>
`;
